[0m00:12:03.402127 [debug] [MainThread]: Sending event: {'category': 'dbt', 'action': 'invocation', 'label': 'start', 'context': [<snowplow_tracker.self_describing_json.SelfDescribingJson object at 0x000002D40CC79DF0>, <snowplow_tracker.self_describing_json.SelfDescribingJson object at 0x000002D40C0BEED0>, <snowplow_tracker.self_describing_json.SelfDescribingJson object at 0x000002D40B7BB860>]}


============================== 00:12:03.415740 | d52c45fd-5aa5-4fc1-a0de-02ae0dace0f0 ==============================
[0m00:12:03.415740 [info ] [MainThread]: Running with dbt=1.11.0-rc2
[0m00:12:03.419818 [debug] [MainThread]: running dbt with arguments {'invocation_command': 'dbt ', 'no_print': 'None', 'profiles_dir': 'C:\\Users\\MrKillShOtzz\\.dbt', 'target_path': 'None', 'cache_selected_only': 'False', 'warn_error': 'None', 'log_path': 'logs', 'partial_parse': 'True', 'indirect_selection': 'eager', 'send_anonymous_usage_stats': 'True', 'static_parser': 'True', 'warn_error_options': 'WarnErrorOptionsV2(error=[], warn=[], silence=[])', 'fail_fast': 'False', 'use_experimental_parser': 'False', 'version_check': 'True', 'quiet': 'False', 'introspect': 'True', 'empty': 'None', 'log_cache_events': 'False', 'debug': 'False', 'log_format': 'default', 'use_colors': 'True', 'printer_width': '80', 'write_json': 'True'}
[0m00:12:03.432427 [error] [MainThread]: Encountered an error:
Runtime Error
  No dbt_project.yml found at expected path c:\Users\MrKillShOtzz\source\repos\netflix-movies-analysis-dbt-snowflake\dbt\netflix_movie_analysis\dbt_packages\dbt-utils-1.3.0\integration_tests\dbt_project.yml
  Verify that each entry within packages.yml (and their transitive dependencies) contains a file named dbt_project.yml
  


============================== 00:12:03.434448 | 73b4a0df-1bf1-4fc3-9c90-fc2721431bb4 ==============================
[0m00:12:03.434448 [info ] [MainThread]: Running with dbt=1.11.0-rc2
[0m00:12:03.436991 [debug] [MainThread]: Command `cli deps` failed at 00:12:03.436470 after 1.09 seconds
[0m00:12:03.438506 [debug] [MainThread]: Sending event: {'category': 'dbt', 'action': 'invocation', 'label': 'end', 'context': [<snowplow_tracker.self_describing_json.SelfDescribingJson object at 0x000002D4105EA4E0>, <snowplow_tracker.self_describing_json.SelfDescribingJson object at 0x000002D40F4E27E0>, <snowplow_tracker.self_describing_json.SelfDescribingJson object at 0x000002D40EE32F00>]}
sV2(error=[], warn=[], silence=[])', 'fail_fast': 'False', 'use_experimental_parser': 'False', 'version_check': 'True', 'introspect': 'True', 'quiet': 'False', 'empty': 'None', 'log_cache_events': 'False', 'debug': 'False', 'profiles_dir': 'C:\\Users\\MrKillShOtzz\\.dbt', 'use_colors': 'True', 'printer_width': '80', 'target_path': 'None'}
[0m00:12:03.442603 [debug] [MainThread]: Flushing usage events
[0m00:12:03.442603 [error] [MainThread]: Encountered an error:
Runtime Error
  No dbt_project.yml found at expected path c:\Users\MrKillShOtzz\source\repos\netflix-movies-analysis-dbt-snowflake\dbt\netflix_movie_analysis\dbt_packages\dbt-utils-1.3.0\dbt_project.yml
  Verify that each entry within packages.yml (and their transitive dependencies) contains a file named dbt_project.yml
  
[0m00:12:03.446653 [debug] [MainThread]: Command `cli deps` failed at 00:12:03.444631 after 0.96 seconds
[0m00:12:03.449889 [debug] [MainThread]: Sending event: {'category': 'dbt', 'action': 'invocation', 'label': 'end', 'context': [<snowplow_tracker.self_describing_json.SelfDescribingJson object at 0x000001BC03610830>, <snowplow_tracker.self_describing_json.SelfDescribingJson object at 0x000001BC048D2720>, <snowplow_tracker.self_describing_json.SelfDescribingJson object at 0x000001BC04785640>]}
[0m00:12:03.451931 [debug] [MainThread]: Flushing usage events
[0m00:12:06.365730 [debug] [MainThread]: An error was encountered while trying to flush usage events
[0m00:12:06.365730 [debug] [MainThread]: An error was encountered while trying to flush usage events
[0m00:12:09.137975 [debug] [MainThread]: Sending event: {'category': 'dbt', 'action': 'invocation', 'label': 'start', 'context': [<snowplow_tracker.self_describing_json.SelfDescribingJson object at 0x0000019E135FECC0>, <snowplow_tracker.self_describing_json.SelfDescribingJson object at 0x0000019E1691D640>, <snowplow_tracker.self_describing_json.SelfDescribingJson object at 0x0000019E1691CA40>]}


============================== 00:12:09.146422 | b9c7e2f9-0f04-4f67-aa50-cd956686a6b1 ==============================
[0m00:12:09.146422 [info ] [MainThread]: Running with dbt=1.11.0-rc2
[0m00:12:09.146422 [debug] [MainThread]: running dbt with arguments {'write_json': 'True', 'use_colors': 'True', 'no_print': 'None', 'profiles_dir': 'C:\\Users\\MrKillShOtzz\\.dbt', 'cache_selected_only': 'False', 'warn_error': 'None', 'log_path': 'logs', 'partial_parse': 'True', 'indirect_selection': 'eager', 'send_anonymous_usage_stats': 'True', 'static_parser': 'True', 'warn_error_options': 'WarnErrorOptionsV2(error=[], warn=[], silence=[])', 'fail_fast': 'False', 'version_check': 'True', 'use_experimental_parser': 'False', 'quiet': 'False', 'introspect': 'True', 'empty': 'None', 'log_cache_events': 'False', 'debug': 'False', 'log_format': 'default', 'invocation_command': 'dbt ', 'printer_width': '80', 'target_path': 'None'}
[0m00:12:09.146422 [error] [MainThread]: Encountered an error:
Runtime Error
  No dbt_project.yml found at expected path c:\Users\MrKillShOtzz\source\repos\netflix-movies-analysis-dbt-snowflake\dbt\netflix_movie_analysis\dbt_packages\dbt-utils-1.3.0\dbt_project.yml
  Verify that each entry within packages.yml (and their transitive dependencies) contains a file named dbt_project.yml
  
[0m00:12:09.159396 [debug] [MainThread]: Command `cli deps` failed at 00:12:09.158844 after 0.36 seconds
[0m00:12:09.162103 [debug] [MainThread]: Sending event: {'category': 'dbt', 'action': 'invocation', 'label': 'end', 'context': [<snowplow_tracker.self_describing_json.SelfDescribingJson object at 0x0000019E16A64B90>, <snowplow_tracker.self_describing_json.SelfDescribingJson object at 0x0000019E16437B00>, <snowplow_tracker.self_describing_json.SelfDescribingJson object at 0x0000019E135FECC0>]}
[0m00:12:09.165177 [debug] [MainThread]: Flushing usage events
[0m00:12:09.188619 [debug] [MainThread]: Sending event: {'category': 'dbt', 'action': 'invocation', 'label': 'start', 'context': [<snowplow_tracker.self_describing_json.SelfDescribingJson object at 0x000001CDB48F3320>, <snowplow_tracker.self_describing_json.SelfDescribingJson object at 0x000001CDB1BEEC30>, <snowplow_tracker.self_describing_json.SelfDescribingJson object at 0x000001CDB4452DB0>]}


============================== 00:12:09.202072 | 4f00cb70-b862-4b50-9cfc-378d20fa024e ==============================
[0m00:12:09.202072 [info ] [MainThread]: Running with dbt=1.11.0-rc2
[0m00:12:09.207482 [debug] [MainThread]: running dbt with arguments {'printer_width': '80', 'profiles_dir': 'C:\\Users\\MrKillShOtzz\\.dbt', 'write_json': 'True', 'no_print': 'None', 'invocation_command': 'dbt ', 'warn_error': 'None', 'indirect_selection': 'eager', 'fail_fast': 'False', 'log_path': 'logs', 'send_anonymous_usage_stats': 'True', 'static_parser': 'True', 'warn_error_options': 'WarnErrorOptionsV2(error=[], warn=[], silence=[])', 'partial_parse': 'True', 'version_check': 'True', 'use_experimental_parser': 'False', 'quiet': 'False', 'introspect': 'True', 'empty': 'None', 'log_cache_events': 'False', 'debug': 'False', 'log_format': 'default', 'use_colors': 'True', 'cache_selected_only': 'False', 'target_path': 'None'}
[0m00:12:09.209572 [error] [MainThread]: Encountered an error:
Runtime Error
  No dbt_project.yml found at expected path c:\Users\MrKillShOtzz\source\repos\netflix-movies-analysis-dbt-snowflake\dbt\netflix_movie_analysis\dbt_packages\dbt-utils-1.3.0\integration_tests\dbt_project.yml
  Verify that each entry within packages.yml (and their transitive dependencies) contains a file named dbt_project.yml
  
[0m00:12:09.213302 [debug] [MainThread]: Command `cli deps` failed at 00:12:09.209572 after 0.41 seconds
[0m00:12:09.213302 [debug] [MainThread]: Sending event: {'category': 'dbt', 'action': 'invocation', 'label': 'end', 'context': [<snowplow_tracker.self_describing_json.SelfDescribingJson object at 0x000001CDB612A4E0>, <snowplow_tracker.self_describing_json.SelfDescribingJson object at 0x000001CDB50851F0>, <snowplow_tracker.self_describing_json.SelfDescribingJson object at 0x000001CDB42345C0>]}
[0m00:12:09.213302 [debug] [MainThread]: Flushing usage events
[0m00:12:12.765334 [debug] [MainThread]: An error was encountered while trying to flush usage events
[0m00:12:12.784628 [debug] [MainThread]: An error was encountered while trying to flush usage events
